// Jest Snapshot v1, https://goo.gl/fbAQLP

exports[`Components snapshot testing Home page testing 1`] = `[Function]`;
